Archive member included to satisfy reference by file (symbol)

/Applications/CrossWorks for ARM 3.7/lib/libc_v6m_t_le_eabi.a(libc2.o)
                              ECGCapstone THUMB Debug/main.o (printf)
/Applications/CrossWorks for ARM 3.7/lib/libc_v6m_t_le_eabi.a(libc2_asm.o)
                              ECGCapstone THUMB Debug/main.o (memcpy)
/Applications/CrossWorks for ARM 3.7/lib/libc_v6m_t_le_eabi.a(libc_asm.o)
                              /Applications/CrossWorks for ARM 3.7/lib/libc_v6m_t_le_eabi.a(libc2.o) (__aeabi_uldivmod)
/Applications/CrossWorks for ARM 3.7/lib/libm_v6m_t_le_eabi.a(libm_asm.o)
                              /Applications/CrossWorks for ARM 3.7/lib/libc_v6m_t_le_eabi.a(libc2.o) (__aeabi_i2f)
/Applications/CrossWorks for ARM 3.7/lib/libm_v6m_t_le_eabi.a(libm2.o)
                              /Applications/CrossWorks for ARM 3.7/lib/libvfprintf_v6m_t_le_eabi.o (frexp)
/Applications/CrossWorks for ARM 3.7/lib/libm_v6m_t_le_eabi.a(libm2_asm.o)
                              /Applications/CrossWorks for ARM 3.7/lib/libm_v6m_t_le_eabi.a(libm2.o) (fabs)

Discarded input sections

 .group         0x00000000        0x8 ECGCapstone THUMB Debug/main.o
 .group         0x00000000        0x8 ECGCapstone THUMB Debug/main.o
 .group         0x00000000        0x8 ECGCapstone THUMB Debug/main.o
 .group         0x00000000        0x8 ECGCapstone THUMB Debug/main.o
 .group         0x00000000        0x8 ECGCapstone THUMB Debug/main.o
 .group         0x00000000        0x8 ECGCapstone THUMB Debug/main.o
 .group         0x00000000        0x8 ECGCapstone THUMB Debug/main.o
 .group         0x00000000        0x8 ECGCapstone THUMB Debug/main.o
 .group         0x00000000        0x8 ECGCapstone THUMB Debug/main.o
 .group         0x00000000        0x8 ECGCapstone THUMB Debug/main.o
 .group         0x00000000        0x8 ECGCapstone THUMB Debug/main.o
 .group         0x00000000        0x8 ECGCapstone THUMB Debug/main.o
 .group         0x00000000        0x8 ECGCapstone THUMB Debug/main.o
 .group         0x00000000        0x8 ECGCapstone THUMB Debug/main.o
 .group         0x00000000        0x8 ECGCapstone THUMB Debug/main.o
 .group         0x00000000        0x8 ECGCapstone THUMB Debug/main.o
 .group         0x00000000        0x8 ECGCapstone THUMB Debug/main.o
 .group         0x00000000        0x8 ECGCapstone THUMB Debug/main.o
 .group         0x00000000        0x8 ECGCapstone THUMB Debug/main.o
 .group         0x00000000        0x8 ECGCapstone THUMB Debug/main.o
 .group         0x00000000        0x8 ECGCapstone THUMB Debug/main.o
 .group         0x00000000        0x8 ECGCapstone THUMB Debug/main.o
 .group         0x00000000        0x8 ECGCapstone THUMB Debug/main.o
 .group         0x00000000        0x8 ECGCapstone THUMB Debug/main.o
 .group         0x00000000        0x8 ECGCapstone THUMB Debug/main.o
 .group         0x00000000        0x8 ECGCapstone THUMB Debug/main.o
 .group         0x00000000        0x8 ECGCapstone THUMB Debug/main.o
 .group         0x00000000        0x8 ECGCapstone THUMB Debug/main.o
 .group         0x00000000        0x8 ECGCapstone THUMB Debug/main.o
 .group         0x00000000        0x8 ECGCapstone THUMB Debug/main.o
 .group         0x00000000        0x8 ECGCapstone THUMB Debug/main.o
 .group         0x00000000        0x8 ECGCapstone THUMB Debug/main.o
 .group         0x00000000        0x8 ECGCapstone THUMB Debug/main.o
 .group         0x00000000        0x8 ECGCapstone THUMB Debug/main.o
 .group         0x00000000        0x8 ECGCapstone THUMB Debug/main.o
 .group         0x00000000        0x8 ECGCapstone THUMB Debug/main.o
 .group         0x00000000        0x8 ECGCapstone THUMB Debug/main.o
 .group         0x00000000        0x8 ECGCapstone THUMB Debug/main.o
 .group         0x00000000        0x8 ECGCapstone THUMB Debug/main.o
 .group         0x00000000        0x8 ECGCapstone THUMB Debug/main.o
 .group         0x00000000        0x8 ECGCapstone THUMB Debug/main.o
 .group         0x00000000        0x8 ECGCapstone THUMB Debug/main.o
 .group         0x00000000        0x8 ECGCapstone THUMB Debug/main.o
 .group         0x00000000        0x8 ECGCapstone THUMB Debug/main.o
 .group         0x00000000        0x8 ECGCapstone THUMB Debug/main.o
 .group         0x00000000        0x8 ECGCapstone THUMB Debug/main.o
 .group         0x00000000        0x8 ECGCapstone THUMB Debug/main.o
 .group         0x00000000        0x8 ECGCapstone THUMB Debug/main.o
 .group         0x00000000        0x8 ECGCapstone THUMB Debug/main.o
 .group         0x00000000        0x8 ECGCapstone THUMB Debug/main.o
 .group         0x00000000        0x8 ECGCapstone THUMB Debug/main.o
 .group         0x00000000        0x8 ECGCapstone THUMB Debug/main.o
 .group         0x00000000        0x8 ECGCapstone THUMB Debug/main.o
 .group         0x00000000        0x8 ECGCapstone THUMB Debug/main.o
 .group         0x00000000        0x8 ECGCapstone THUMB Debug/main.o
 .group         0x00000000        0x8 ECGCapstone THUMB Debug/main.o
[...]
Memory Configuration

Name             Origin             Length             Attributes
UNPLACED_SECTIONS 0xffffffff         0x00000000         xw
AHB              0x50000000         0x00001000         xw
APB              0x40000000         0x00020000         xw
RAM              0x20000000         0x00008000         xw
UICR             0x10001000         0x00000100         xw
FICR             0x10000000         0x00000100         xw
FLASH            0x00000000         0x00040000         xr
*default*        0x00000000         0xffffffff

Linker script and memory map

                0x000193b4                __vfprintf = __vfprintf_float_long_long
                0x00000000                __vfscanf = __vfscanf_float_long_long_cc
                0x50000000                __AHB_segment_start__ = 0x50000000
                0x50001000                __AHB_segment_end__ = 0x50001000
                0x00001000                __AHB_segment_size__ = 0x1000
                0x40000000                __APB_segment_start__ = 0x40000000
                0x40020000                __APB_segment_end__ = 0x40020000
                0x00020000                __APB_segment_size__ = 0x20000
                0x20000000                __RAM_segment_start__ = 0x20000000
                0x20008000                __RAM_segment_end__ = 0x20008000
                0x00008000                __RAM_segment_size__ = 0x8000
                0x10001000                __UICR_segment_start__ = 0x10001000
                0x10001100                __UICR_segment_end__ = 0x10001100
                0x00000100                __UICR_segment_size__ = 0x100
                0x10000000                __FICR_segment_start__ = 0x10000000
                0x10000100                __FICR_segment_end__ = 0x10000100
                0x00000100                __FICR_segment_size__ = 0x100
                0x00000000                __FLASH_segment_start__ = 0x0
                0x00040000                __FLASH_segment_end__ = 0x40000
                0x00040000                __FLASH_segment_size__ = 0x40000
                0x00000080                __HEAPSIZE__ = 0x80
                0x00000000                __STACKSIZE_ABT__ = 0x0
                0x00000000                __STACKSIZE_FIQ__ = 0x0
                0x00000000                __STACKSIZE_IRQ__ = 0x0
                0x00000000                __STACKSIZE_PROCESS__ = 0x0
                0x00000000                __STACKSIZE_SVC__ = 0x0
                0x00000000                __STACKSIZE_UND__ = 0x0
                0x00000800                __STACKSIZE__ = 0x800
                0x20002000                __vectors_ram_load_start__ = 0x20002000

.vectors_ram    0x20002000        0x0
                0x20002000                __vectors_ram_start__ = .
 *(.vectors_ram .vectors_ram.*)
                0x20002000                __vectors_ram_end__ = (__vectors_ram_start__ + SIZEOF (.vectors_ram))
                0x00000000                __vectors_ram_size__ = SIZEOF (.vectors_ram)
                0x20002000                __vectors_ram_load_end__ = __vectors_ram_end__
                0x00000001                . = ASSERT (((__vectors_ram_start__ == __vectors_ram_end__) || ((__vectors_ram_end__ >= __RAM_segment_start__) && (__vectors_ram_end__ <= __RAM_segment_end__))), error: .vectors_ram is too large to fit in RAM memory segment)
                0x00018000                __vectors_load_start__ = 0x18000

.vectors        0x00018000       0xc0
                0x00018000                __vectors_start__ = .
 *(.vectors .vectors.*)
 .vectors       0x00018000       0xc0 ECGCapstone THUMB Debug/nRF51_Startup.o
                0x00018000                _vectors
                0x000180c0                __vectors_end__ = (__vectors_start__ + SIZEOF (.vectors))
                0x000000c0                __vectors_size__ = SIZEOF (.vectors)
                0x000180c0                __vectors_load_end__ = __vectors_end__
                0x00000001                . = ASSERT (((__vectors_start__ == __vectors_end__) || ((__vectors_end__ >= __FLASH_segment_start__) && (__vectors_end__ <= __FLASH_segment_end__))), error: .vectors is too large to fit in FLASH memory segment)
                0x000180c0                __init_load_start__ = ALIGN (__vectors_end__, 0x4)

.init           0x000180c0      0x1c8
                0x000180c0                __init_start__ = .
 *(.init .init.*)
 .init          0x000180c0      0x158 ECGCapstone THUMB Debug/thumb_crt0.o
                0x000180c0                _start
                0x00018172                exit
 .init          0x00018218       0x70 ECGCapstone THUMB Debug/nRF51_Startup.o
                0x00018218                NMI_Handler
                0x0001821a                HardFault_Handler
                0x0001821c                MemManage_Handler
                0x0001821e                BusFault_Handler
                0x00018220                UsageFault_Handler
                0x00018222                SVC_Handler
                0x00018224                DebugMon_Handler
                0x00018226                PendSV_Handler
                0x00018228                SysTick_Handler
                0x0001822a                POWER_CLOCK_IRQHandler
                0x0001822c                RADIO_IRQHandler
                0x0001822e                UART0_IRQHandler
                0x00018230                SPI0_TWI0_IRQHandler
                0x00018232                SPI1_TWI1_IRQHandler
                0x00018234                GPIOTE_IRQHandler
                0x00018236                ADC_IRQHandler
                0x00018238                TIMER0_IRQHandler
                0x0001823a                TIMER1_IRQHandler
                0x0001823c                TIMER2_IRQHandler
                0x0001823e                RTC0_IRQHandler
                0x00018240                TEMP_IRQHandler
                0x00018242                RNG_IRQHandler
                0x00018244                ECB_IRQHandler
                0x00018246                CCM_AAR_IRQHandler
                0x00018248                WDT_IRQHandler
                0x0001824a                RTC1_IRQHandler
                0x0001824c                QDEC_IRQHandler
                0x0001824e                LPCOMP_COMP_IRQHandler
                0x00018250                SWI0_IRQHandler
                0x00018252                SWI1_IRQHandler
                0x00018254                SWI2_IRQHandler
                0x00018256                SWI3_IRQHandler
                0x00018258                SWI4_IRQHandler
                0x0001825a                SWI5_IRQHandler
                0x0001825c                reset_handler
                0x00018278                SystemInit
                0x00018288                __init_end__ = (__init_start__ + SIZEOF (.init))
                0x000001c8                __init_size__ = SIZEOF (.init)
                0x00018288                __init_load_end__ = __init_end__
                0x00000001                . = ASSERT (((__init_start__ == __init_end__) || ((__init_end__ >= __FLASH_segment_start__) && (__init_end__ <= __FLASH_segment_end__))), error: .init is too large to fit in FLASH memory segment)
                0x00018288                __init_rodata_load_start__ = ALIGN (__init_end__, 0x4)

.init_rodata    0x00018288        0x0
                0x00018288                __init_rodata_start__ = .
 *(.init_rodata .init_rodata.*)
                0x00018288                __init_rodata_end__ = (__init_rodata_start__ + SIZEOF (.init_rodata))
                0x00000000                __init_rodata_size__ = SIZEOF (.init_rodata)
                0x00018288                __init_rodata_load_end__ = __init_rodata_end__
                0x00000001                . = ASSERT (((__init_rodata_start__ == __init_rodata_end__) || ((__init_rodata_end__ >= __FLASH_segment_start__) && (__init_rodata_end__ <= __FLASH_segment_end__))), error: .init_rodata is too large to fit in FLASH memory segment)
                0x00018288                __text_load_start__ = ALIGN (__init_rodata_end__, 0x4)

.text           0x00018288     0x2ac0
                0x00018288                __text_start__ = .
 *(.text .text.* .glue_7t .glue_7 .gnu.linkonce.t.* .gcc_except_table .ARM.extab* .gnu.linkonce.armextab.*)
 .glue_7        0x00018288        0x0 linker stubs
 .glue_7t       0x00018288        0x0 linker stubs
 .text.sd_ble_gap_disconnect
                0x00018288        0x8 ECGCapstone THUMB Debug/main.o
 .text.sd_ble_gap_ppcp_set
                0x00018290        0x8 ECGCapstone THUMB Debug/main.o
 .text.sd_ble_gap_device_name_set
                0x00018298        0x8 ECGCapstone THUMB Debug/main.o
 .text.nrf_gpio_pin_toggle
                0x000182a0       0x20 ECGCapstone THUMB Debug/main.o
 .text.nrf_gpio_pins_toggle
                0x000182c0       0x44 ECGCapstone THUMB Debug/main.o
 .text.sd_power_system_off
                0x00018304        0x8 ECGCapstone THUMB Debug/main.o
 .text.sd_app_evt_wait
                0x0001830c        0x8 ECGCapstone THUMB Debug/main.o
 .text.sd_temp_get
                0x00018314        0x8 ECGCapstone THUMB Debug/main.o
 .text.adc_timeout_handler
                0x0001831c       0x10 ECGCapstone THUMB Debug/main.o
 .text.char_timeout_handler
                0x0001832c       0x4c ECGCapstone THUMB Debug/main.o
 .text.timers_init
                0x00018378       0x64 ECGCapstone THUMB Debug/main.o
 .text.gap_params_init
                0x000183dc       0xb0 ECGCapstone THUMB Debug/main.o
 .text.services_init
                0x0001848c       0x18 ECGCapstone THUMB Debug/main.o
 .text.on_conn_params_evt
                0x000184a4       0x4c ECGCapstone THUMB Debug/main.o
 .text.conn_params_error_handler
                0x000184f0       0x24 ECGCapstone THUMB Debug/main.o
 .text.conn_params_init
                0x00018514       0x80 ECGCapstone THUMB Debug/main.o
 .text.application_timers_start
                0x00018594        0xc ECGCapstone THUMB Debug/main.o
 .text.sleep_mode_enter
                0x000185a0       0x74 ECGCapstone THUMB Debug/main.o
 .text.on_adv_evt
                0x00018614       0x54 ECGCapstone THUMB Debug/main.o
 .text.on_ble_evt
                0x00018668       0x94 ECGCapstone THUMB Debug/main.o
 .text.ble_evt_dispatch
                0x000186fc       0x48 ECGCapstone THUMB Debug/main.o
 .text.sys_evt_dispatch
                0x00018744       0x20 ECGCapstone THUMB Debug/main.o
 .text.ble_stack_init
                0x00018764      0x12c ECGCapstone THUMB Debug/main.o
 .text.bsp_event_handler
                0x00018890       0x98 ECGCapstone THUMB Debug/main.o
                0x00018890                bsp_event_handler
 .text.device_manager_evt_handler
                0x00018928       0x34 ECGCapstone THUMB Debug/main.o
 .text.device_manager_init
                0x0001895c      0x104 ECGCapstone THUMB Debug/main.o
 .text.advertising_init
                0x00018a60       0x88 ECGCapstone THUMB Debug/main.o
 .text.buttons_leds_init
                0x00018ae8       0x80 ECGCapstone THUMB Debug/main.o
 .text.power_manage
                0x00018b68       0x34 ECGCapstone THUMB Debug/main.o
 .text.uart_events_handler
                0x00018b9c       0x4c ECGCapstone THUMB Debug/main.o
 .text.uart_config
                0x00018be8       0x74 ECGCapstone THUMB Debug/main.o
 .text.main     0x00018c5c       0x74 ECGCapstone THUMB Debug/main.o
                0x00018c5c                main
 .text.sd_ble_gatts_service_add
                0x00018cd0        0x8 ECGCapstone THUMB Debug/our_service.o
 .text.sd_ble_gatts_characteristic_add
                0x00018cd8        0x8 ECGCapstone THUMB Debug/our_service.o
 .text.sd_ble_gatts_value_get
                0x00018ce0        0x8 ECGCapstone THUMB Debug/our_service.o
 .text.sd_ble_gatts_hvx
                0x00018ce8        0x8 ECGCapstone THUMB Debug/our_service.o
 .text.sd_ble_uuid_vs_add
                0x00018cf0        0x8 ECGCapstone THUMB Debug/our_service.o
 .text.on_ble_write
                0x00018cf8       0xb8 ECGCapstone THUMB Debug/our_service.o
 .text.ble_our_service_on_ble_evt
                0x00018db0       0x48 ECGCapstone THUMB Debug/our_service.o
                0x00018db0                ble_our_service_on_ble_evt
 .text.our_char_add
                0x00018df8      0x1cc ECGCapstone THUMB Debug/our_service.o
 .text.our_service_init
                0x00018fc4       0x9c ECGCapstone THUMB Debug/our_service.o
                0x00018fc4                our_service_init
 .text.ecg_characteristic_update
                0x00019060       0x74 ECGCapstone THUMB Debug/our_service.o
                0x00019060                ecg_characteristic_update
 .text.__aeabi_read_tp
                0x000190d4        0x8 ECGCapstone THUMB Debug/thumb_crt0.o
                0x000190d4                __aeabi_read_tp
 .text.__printf_lock
                0x000190dc        0x2 ECGCapstone THUMB Debug/thumb_crt0.o
                0x000190dc                __printf_lock
 .text.__printf_unlock
                0x000190de        0x2 ECGCapstone THUMB Debug/thumb_crt0.o
                0x000190de                __printf_unlock
 .text.__putchar
                0x000190e0        0x8 ECGCapstone THUMB Debug/thumb_crt0.o
                0x000190e0                __putchar
 .text.libc.__RAL_pow10
                0x000190e8       0x58 /Applications/CrossWorks for ARM 3.7/lib/libc_v6m_t_le_eabi.a(libc2.o)
                0x000190e8                __RAL_pow10
 .text.libc.__putc
                0x00019140       0x38 /Applications/CrossWorks for ARM 3.7/lib/libc_v6m_t_le_eabi.a(libc2.o)
                0x00019140                __putc
 .text.libc.__RAL_print_padding
                0x00019178       0x18 /Applications/CrossWorks for ARM 3.7/lib/libc_v6m_t_le_eabi.a(libc2.o)
                0x00019178                __RAL_print_padding
 .text.libc.__RAL_pre_padding
                0x00019190       0x18 /Applications/CrossWorks for ARM 3.7/lib/libc_v6m_t_le_eabi.a(libc2.o)
                0x00019190                __RAL_pre_padding
 .text.libc.abs
                0x000191a8        0x8 /Applications/CrossWorks for ARM 3.7/lib/libc_v6m_t_le_eabi.a(libc2.o)
                0x000191a8                abs
 .text.libc.__aeabi_errno_addr
                0x000191b0       0x10 /Applications/CrossWorks for ARM 3.7/lib/libc_v6m_t_le_eabi.a(libc2.o)
                0x000191b0                __aeabi_errno_addr
 .text.libc.printf
                0x000191c0       0x40 /Applications/CrossWorks for ARM 3.7/lib/libc_v6m_t_le_eabi.a(libc2.o)
                0x000191c0                printf
 .text.libc.strnlen
                0x00019200       0x28 /Applications/CrossWorks for ARM 3.7/lib/libc_v6m_t_le_eabi.a(libc2.o)
                0x00019200                strnlen
 .text.libc.memcpy
                0x00019228       0x18 /Applications/CrossWorks for ARM 3.7/lib/libc_v6m_t_le_eabi.a(libc2_asm.o)
                0x00019228                memcpy
                0x00019228                __aeabi_memcpy
                0x00019228                __aeabi_memcpy4
                0x00019228                __aeabi_memcpy8
 .text.libc.memset
                0x00019240       0x14 /Applications/CrossWorks for ARM 3.7/lib/libc_v6m_t_le_eabi.a(libc2_asm.o)
                0x00019240                memset
 .text.libc.strlen
                0x00019254       0x10 /Applications/CrossWorks for ARM 3.7/lib/libc_v6m_t_le_eabi.a(libc2_asm.o)
                0x00019254                strlen
 .text.libc.__int64_udivmod
                0x00019264       0xac /Applications/CrossWorks for ARM 3.7/lib/libc_v6m_t_le_eabi.a(libc_asm.o)
                0x0001929a                __int64_udivmod
                0x0001929a                __aeabi_uldivmod
                0x0001929a                __int64_udiv
                0x0001929a                __udivdi3
 .text.libc.__int32_div
                0x00019310       0x64 /Applications/CrossWorks for ARM 3.7/lib/libc_v6m_t_le_eabi.a(libc_asm.o)
                0x00019310                __aeabi_idiv
                0x00019310                __int32_div
                0x00019310                __divsi3
                0x0001934c                __udivsi3
                0x0001934c                __uint32_div
                0x0001934c                __aeabi_uidiv
 .text.libc.__aeabi_idivmod
                0x00019374       0x40 /Applications/CrossWorks for ARM 3.7/lib/libc_v6m_t_le_eabi.a(libc_asm.o)
                0x00019374                __aeabi_idivmod
 .text.libc.__vfprintf_float_long_long
                0x000193b4      0xfc4 /Applications/CrossWorks for ARM 3.7/lib/libvfprintf_v6m_t_le_eabi.o
                0x000193b4                __vfprintf_float_long_long
 .text.libc.__int64_to_float64
                0x0001a378       0x60 /Applications/CrossWorks for ARM 3.7/lib/libm_v6m_t_le_eabi.a(libm_asm.o)
                0x0001a378                __floatdidf
                0x0001a378                __int64_to_float64
                0x0001a378                __aeabi_l2d
                0x0001a394                __RAL_aeabi_l2d_common
 .text.libc.__uint64_to_float64
                0x0001a3d8       0x18 /Applications/CrossWorks for ARM 3.7/lib/libm_v6m_t_le_eabi.a(libm_asm.o)
                0x0001a3d8                __uint64_to_float64
                0x0001a3d8                __aeabi_ul2d
                0x0001a3d8                __floatundidf
 .text.libc.__float64_to_uint64
                0x0001a3f0       0x4c /Applications/CrossWorks for ARM 3.7/lib/libm_v6m_t_le_eabi.a(libm_asm.o)
                0x0001a3f0                __aeabi_d2ulz
                0x0001a3f0                __fixunsdfdi
                0x0001a3f0                __float64_to_uint64
 .text.libc.__float64_add
                0x0001a43c      0x1dc /Applications/CrossWorks for ARM 3.7/lib/libm_v6m_t_le_eabi.a(libm_asm.o)
                0x0001a43c                __aeabi_drsub
                0x0001a446                __float64_sub
                0x0001a446                __aeabi_dsub
                0x0001a446                __subdf3
                0x0001a450                __aeabi_dadd
                0x0001a450                __float64_add
                0x0001a450                __adddf3
 .text.libc.__float64_mul
                0x0001a618      0x18c /Applications/CrossWorks for ARM 3.7/lib/libm_v6m_t_le_eabi.a(libm_asm.o)
                0x0001a650                __aeabi_dmul
                0x0001a650                __float64_mul
                0x0001a650                __muldf3
 .text.libc.__float64_div
                0x0001a7a4       0xc4 /Applications/CrossWorks for ARM 3.7/lib/libm_v6m_t_le_eabi.a(libm_asm.o)
                0x0001a7a4                __aeabi_ddiv
                0x0001a7a4                __divdf3
                0x0001a7a4                __float64_div
 .text.libc.__float64_cmpeq
                0x0001a868       0x30 /Applications/CrossWorks for ARM 3.7/lib/libm_v6m_t_le_eabi.a(libm_asm.o)
                0x0001a868                __aeabi_dcmpeq
 .text.libc.__float64_cmple
                0x0001a898       0x44 /Applications/CrossWorks for ARM 3.7/lib/libm_v6m_t_le_eabi.a(libm_asm.o)
                0x0001a898                __aeabi_dcmple
 .text.libc.__float64_cmpge
                0x0001a8dc       0x44 /Applications/CrossWorks for ARM 3.7/lib/libm_v6m_t_le_eabi.a(libm_asm.o)
                0x0001a8dc                __aeabi_dcmpge
 .text.libc.__float64_cmplt
                0x0001a920       0x40 /Applications/CrossWorks for ARM 3.7/lib/libm_v6m_t_le_eabi.a(libm_asm.o)
                0x0001a920                __aeabi_dcmplt
 .text.libc.__float64_cmpgt
                0x0001a960       0x40 /Applications/CrossWorks for ARM 3.7/lib/libm_v6m_t_le_eabi.a(libm_asm.o)
                0x0001a960                __aeabi_dcmpgt
 .text.libc.__float64_signbit
                0x0001a9a0        0x8 /Applications/CrossWorks for ARM 3.7/lib/libm_v6m_t_le_eabi.a(libm_asm.o)
                0x0001a9a0                __float64_signbit
 .text.libc.__float64_isinf
                0x0001a9a8       0x18 /Applications/CrossWorks for ARM 3.7/lib/libm_v6m_t_le_eabi.a(libm_asm.o)
                0x0001a9a8                __float64_isinf
 .text.libc.__float64_isnan
                0x0001a9c0       0x18 /Applications/CrossWorks for ARM 3.7/lib/libm_v6m_t_le_eabi.a(libm_asm.o)
                0x0001a9c0                __float64_isnan
 .text.libc.frexp
                0x0001a9d8       0x50 /Applications/CrossWorks for ARM 3.7/lib/libm_v6m_t_le_eabi.a(libm2.o)
                0x0001a9d8                frexp(double, int*)
                0x0001a9d8                frexp
 .text.libc.ldexp
                0x0001aa28       0x70 /Applications/CrossWorks for ARM 3.7/lib/libm_v6m_t_le_eabi.a(libm2.o)
                0x0001aa28                ldexp(double, int)
                0x0001aa28                ldexp
 .text.libc.modf
                0x0001aa98       0xa0 /Applications/CrossWorks for ARM 3.7/lib/libm_v6m_t_le_eabi.a(libm2.o)
                0x0001aa98                modf
                0x0001aa98                modf(double, double*)
 .text.libc.floor
                0x0001ab38       0x94 /Applications/CrossWorks for ARM 3.7/lib/libm_v6m_t_le_eabi.a(libm2.o)
                0x0001ab38                floor
                0x0001ab38                floor(double)
 .text.libc.fmod
                0x0001abcc      0x174 /Applications/CrossWorks for ARM 3.7/lib/libm_v6m_t_le_eabi.a(libm2.o)
                0x0001abcc                fmod(double, double)
                0x0001abcc                fmod
 .text.libc.fabs
                0x0001ad40        0x8 /Applications/CrossWorks for ARM 3.7/lib/libm_v6m_t_le_eabi.a(libm2_asm.o)
                0x0001ad40                fabs
                0x0001ad40                fabs(double)
                0x0001ad48                __text_end__ = (__text_start__ + SIZEOF (.text))
                0x00002ac0                __text_size__ = SIZEOF (.text)
                0x0001ad48                __text_load_end__ = __text_end__

.vfp11_veneer   0x00000000        0x0
 .vfp11_veneer  0x00000000        0x0 linker stubs

.v4_bx          0x00000000        0x0
 .v4_bx         0x00000000        0x0 linker stubs

.iplt           0x00000000        0x0
 .iplt          0x00000000        0x0 ECGCapstone THUMB Debug/main.o
                0x00000001                . = ASSERT (((__text_start__ == __text_end__) || ((__text_end__ >= __FLASH_segment_start__) && (__text_end__ <= __FLASH_segment_end__))), error: .text is too large to fit in FLASH memory segment)
                0x0001ad48                __dtors_load_start__ = ALIGN (__text_end__, 0x4)

.dtors          0x0001ad48        0x0
                0x0001ad48                __dtors_start__ = .
 *(SORT(.dtors.*))
 *(.dtors)
 *(.fini_array)
 *(SORT(.fini_array.*))
                0x0001ad48                __dtors_end__ = (__dtors_start__ + SIZEOF (.dtors))
                0x00000000                __dtors_size__ = SIZEOF (.dtors)
                0x0001ad48                __dtors_load_end__ = __dtors_end__
                0x00000001                . = ASSERT (((__dtors_start__ == __dtors_end__) || ((__dtors_end__ >= __FLASH_segment_start__) && (__dtors_end__ <= __FLASH_segment_end__))), error: .dtors is too large to fit in FLASH memory segment)
                0x0001ad48                __ctors_load_start__ = ALIGN (__dtors_end__, 0x4)

.ctors          0x0001ad48        0x0
                0x0001ad48                __ctors_start__ = .
 *(SORT(.ctors.*))
 *(.ctors)
 *(.init_array)
 *(SORT(.init_array.*))
                0x0001ad48                __ctors_end__ = (__ctors_start__ + SIZEOF (.ctors))
                0x00000000                __ctors_size__ = SIZEOF (.ctors)
                0x0001ad48                __ctors_load_end__ = __ctors_end__
                0x00000001                . = ASSERT (((__ctors_start__ == __ctors_end__) || ((__ctors_end__ >= __FLASH_segment_start__) && (__ctors_end__ <= __FLASH_segment_end__))), error: .ctors is too large to fit in FLASH memory segment)
                0x0001ad48                __rodata_load_start__ = ALIGN (__ctors_end__, 0x4)

.rodata         0x0001ad48      0x630
                0x0001ad48                __rodata_start__ = .
 *(.rodata .rodata.* .gnu.linkonce.r.*)
 .rodata.m_our_char_timer_id
                0x0001ad48        0x4 ECGCapstone THUMB Debug/main.o
 .rodata.m_our_adc_timer_id
                0x0001ad4c        0x4 ECGCapstone THUMB Debug/main.o
 .rodata        0x0001ad50       0x76 ECGCapstone THUMB Debug/main.o
 *fill*         0x0001adc6        0x2 
 .rodata        0x0001adc8       0xf0 ECGCapstone THUMB Debug/our_service.o
 .rodata.libc.power
                0x0001aeb8       0x48 /Applications/CrossWorks for ARM 3.7/lib/libc_v6m_t_le_eabi.a(libc2.o)
 .rodata.libc.__RAL_hex_uc
                0x0001af00       0x10 /Applications/CrossWorks for ARM 3.7/lib/libc_v6m_t_le_eabi.a(libc2.o)
                0x0001af00                __RAL_hex_uc
 .rodata.libc.__aeabi_EDOM
                0x0001af10        0x4 /Applications/CrossWorks for ARM 3.7/lib/libc_v6m_t_le_eabi.a(libc2.o)
                0x0001af10                __aeabi_EDOM
 .rodata.libc.__aeabi_ERANGE
                0x0001af14        0x4 /Applications/CrossWorks for ARM 3.7/lib/libc_v6m_t_le_eabi.a(libc2.o)
                0x0001af14                __aeabi_ERANGE
 .rodata.libc.__RAL_hex_lc
                0x0001af18       0x10 /Applications/CrossWorks for ARM 3.7/lib/libc_v6m_t_le_eabi.a(libc2.o)
                0x0001af18                __RAL_hex_lc
 .rodata.libc.__vfprintf_float_long_long
                0x0001af28      0x378 /Applications/CrossWorks for ARM 3.7/lib/libvfprintf_v6m_t_le_eabi.o
 .rodata.libc.str1.4
                0x0001b2a0       0x30 /Applications/CrossWorks for ARM 3.7/lib/libvfprintf_v6m_t_le_eabi.o
 .rodata.libc.ipow10
                0x0001b2d0       0xa0 /Applications/CrossWorks for ARM 3.7/lib/libvfprintf_v6m_t_le_eabi.o
 .rodata.libc.__float64_nan
                0x0001b370        0x8 /Applications/CrossWorks for ARM 3.7/lib/libm_v6m_t_le_eabi.a(libm_asm.o)
                0x0001b370                __float64_nan
                0x0001b378                __rodata_end__ = (__rodata_start__ + SIZEOF (.rodata))
                0x00000630                __rodata_size__ = SIZEOF (.rodata)
                0x0001b378                __rodata_load_end__ = __rodata_end__

.rel.dyn        0x00000000        0x0
 .rel.iplt      0x00000000        0x0 ECGCapstone THUMB Debug/main.o
                0x00000001                . = ASSERT (((__rodata_start__ == __rodata_end__) || ((__rodata_end__ >= __FLASH_segment_start__) && (__rodata_end__ <= __FLASH_segment_end__))), error: .rodata is too large to fit in FLASH memory segment)
                0x0001b378                __ARM.exidx_load_start__ = ALIGN (__rodata_end__, 0x4)

.ARM.exidx      0x0001b378        0x0
                0x0001b378                __ARM.exidx_start__ = .
                0x0001b378                __exidx_start = __ARM.exidx_start__
 *(.ARM.exidx .ARM.exidx.*)
                0x0001b378                __ARM.exidx_end__ = (__ARM.exidx_start__ + SIZEOF (.ARM.exidx))
                0x00000000                __ARM.exidx_size__ = SIZEOF (.ARM.exidx)
                0x0001b378                __exidx_end = __ARM.exidx_end__
                0x0001b378                __ARM.exidx_load_end__ = __ARM.exidx_end__
                0x00000001                . = ASSERT (((__ARM.exidx_start__ == __ARM.exidx_end__) || ((__ARM.exidx_end__ >= __FLASH_segment_start__) && (__ARM.exidx_end__ <= __FLASH_segment_end__))), error: .ARM.exidx is too large to fit in FLASH memory segment)
                0x0001b378                __fast_load_start__ = ALIGN (__ARM.exidx_end__, 0x4)

.fast           0x20002000        0x0 load address 0x0001b378
                0x20002000                __fast_start__ = .
 *(.fast .fast.*)
                0x20002000                __fast_end__ = (__fast_start__ + SIZEOF (.fast))
                0x00000000                __fast_size__ = SIZEOF (.fast)
                0x0001b378                __fast_load_end__ = (__fast_load_start__ + SIZEOF (.fast))
                0x00000001                . = ASSERT (((__fast_load_start__ == __fast_load_end__) || ((__fast_load_end__ >= __FLASH_segment_start__) && (__fast_load_end__ <= __FLASH_segment_end__))), error: .fast is too large to fit in FLASH memory segment)

.fast_run       0x20002000        0x0
                0x20002000                __fast_run_start__ = .
                0x20002000                . = MAX ((__fast_run_start__ + SIZEOF (.fast)), .)
                0x20002000                __fast_run_end__ = (__fast_run_start__ + SIZEOF (.fast_run))
                0x00000000                __fast_run_size__ = SIZEOF (.fast_run)
                0x20002000                __fast_run_load_end__ = __fast_run_end__
                0x00000001                . = ASSERT (((__fast_run_start__ == __fast_run_end__) || ((__fast_run_end__ >= __RAM_segment_start__) && (__fast_run_end__ <= __RAM_segment_end__))), error: .fast_run is too large to fit in RAM memory segment)
                0x0001b378                __data_load_start__ = ALIGN ((__fast_load_start__ + SIZEOF (.fast)), 0x4)

.data           0x20002000        0x2 load address 0x0001b378
                0x20002000                __data_start__ = .
 *(.data .data.* .gnu.linkonce.d.*)
 .data.m_conn_handle
                0x20002000        0x2 ECGCapstone THUMB Debug/main.o
                0x20002002                __data_end__ = (__data_start__ + SIZEOF (.data))
                0x00000002                __data_size__ = SIZEOF (.data)
                0x0001b37a                __data_load_end__ = (__data_load_start__ + SIZEOF (.data))

.igot.plt       0x00000000        0x0
 .igot.plt      0x00000000        0x0 ECGCapstone THUMB Debug/main.o
                0x00000001                . = ASSERT (((__data_load_start__ == __data_load_end__) || ((__data_load_end__ >= __FLASH_segment_start__) && (__data_load_end__ <= __FLASH_segment_end__))), error: .data is too large to fit in FLASH memory segment)

.data_run       0x20002000        0x2 load address 0x0001b378
                0x20002000                __data_run_start__ = .
                0x20002002                . = MAX ((__data_run_start__ + SIZEOF (.data)), .)
 *fill*         0x20002000        0x2 
                0x20002002                __data_run_end__ = (__data_run_start__ + SIZEOF (.data_run))
                0x00000002                __data_run_size__ = SIZEOF (.data_run)
                0x20002002                __data_run_load_end__ = __data_run_end__
                0x00000001                . = ASSERT (((__data_run_start__ == __data_run_end__) || ((__data_run_end__ >= __RAM_segment_start__) && (__data_run_end__ <= __RAM_segment_end__))), error: .data_run is too large to fit in RAM memory segment)
                0x0001b37c                __tdata_load_start__ = ALIGN ((__data_load_start__ + SIZEOF (.data)), 0x4)

.tdata          0x20002004        0x0 load address 0x0001b37c
                0x20002004                __tdata_start__ = .
 *(.tdata .tdata.*)
                0x20002004                __tdata_end__ = (__tdata_start__ + SIZEOF (.tdata))
                0x00000000                __tdata_size__ = SIZEOF (.tdata)
                0x0001b37c                __tdata_load_end__ = (__tdata_load_start__ + SIZEOF (.tdata))
                0x0001b37c                __FLASH_segment_used_end__ = (ALIGN ((__data_load_start__ + SIZEOF (.data)), 0x4) + SIZEOF (.tdata))
                0x0001b37c                __FLASH_segment_used_size__ = (__FLASH_segment_used_end__ - __FLASH_segment_start__)
                0x00000001                . = ASSERT (((__tdata_load_start__ == __tdata_load_end__) || ((__tdata_load_end__ >= __FLASH_segment_start__) && (__tdata_load_end__ <= __FLASH_segment_end__))), error: .tdata is too large to fit in FLASH memory segment)

.tdata_run      0x20002004        0x0
                0x20002004                __tdata_run_start__ = .
                0x20002004                . = MAX ((__tdata_run_start__ + SIZEOF (.tdata)), .)
                0x20002004                __tdata_run_end__ = (__tdata_run_start__ + SIZEOF (.tdata_run))
                0x00000000                __tdata_run_size__ = SIZEOF (.tdata_run)
                0x20002004                __tdata_run_load_end__ = __tdata_run_end__
                0x00000001                . = ASSERT (((__tdata_run_start__ == __tdata_run_end__) || ((__tdata_run_end__ >= __RAM_segment_start__) && (__tdata_run_end__ <= __RAM_segment_end__))), error: .tdata_run is too large to fit in RAM memory segment)
                0x20002004                __bss_load_start__ = ALIGN (__tdata_run_end__, 0x4)

.bss            0x20002004      0x324
                0x20002004                __bss_start__ = .
 *(.bss .bss.* .gnu.linkonce.b.*)
 .bss.m_app_handle
                0x20002004        0x1 ECGCapstone THUMB Debug/main.o
 *fill*         0x20002005        0x3 
 .bss.m_our_service
                0x20002008        0xc ECGCapstone THUMB Debug/main.o
                0x20002008                m_our_service
 .bss.m_our_char_timer_id_data
                0x20002014       0x20 ECGCapstone THUMB Debug/main.o
 .bss.m_our_adc_timer_id_data
                0x20002034       0x20 ECGCapstone THUMB Debug/main.o
 .bss.previous_temperature.7786
                0x20002054        0x4 ECGCapstone THUMB Debug/main.o
 .bss.APP_TIMER_BUF.7790
                0x20002058      0x1c8 ECGCapstone THUMB Debug/main.o
 .bss.BLE_EVT_BUFFER.7857
                0x20002220        0x0 ECGCapstone THUMB Debug/main.o
 .bss.rx_buf.7931
                0x20002220        0x1 ECGCapstone THUMB Debug/main.o
 *fill*         0x20002221        0x3 
 .bss.tx_buf.7932
                0x20002224      0x100 ECGCapstone THUMB Debug/main.o
 .bss.libc.__user_format_extender
                0x20002324        0x4 /Applications/CrossWorks for ARM 3.7/lib/libc_v6m_t_le_eabi.a(libc2.o)
                0x20002324                __user_format_extender
 *(COMMON)
                0x20002328                __bss_end__ = (__bss_start__ + SIZEOF (.bss))
                0x00000324                __bss_size__ = SIZEOF (.bss)
                0x20002328                __bss_load_end__ = __bss_end__
                0x00000001                . = ASSERT (((__bss_start__ == __bss_end__) || ((__bss_end__ >= __RAM_segment_start__) && (__bss_end__ <= __RAM_segment_end__))), error: .bss is too large to fit in RAM memory segment)
                0x20002328                __tbss_load_start__ = ALIGN (__bss_end__, 0x4)

.tbss           0x20002328        0x4
                0x20002328                __tbss_start__ = .
 *(.tbss .tbss.*)
 .tbss.errno_val
                0x20002328        0x4 /Applications/CrossWorks for ARM 3.7/lib/libc_v6m_t_le_eabi.a(libc2.o)
                0x2000232c                __tbss_end__ = (__tbss_start__ + SIZEOF (.tbss))
                0x00000004                __tbss_size__ = SIZEOF (.tbss)
                0x2000232c                __tbss_load_end__ = __tbss_end__
                0x00000001                . = ASSERT (((__tbss_start__ == __tbss_end__) || ((__tbss_end__ >= __RAM_segment_start__) && (__tbss_end__ <= __RAM_segment_end__))), error: .tbss is too large to fit in RAM memory segment)
                0x2000232c                __non_init_load_start__ = ALIGN (__tbss_end__, 0x4)

.non_init       0x2000232c        0x0
                0x2000232c                __non_init_start__ = .
 *(.non_init .non_init.*)
                0x2000232c                __non_init_end__ = (__non_init_start__ + SIZEOF (.non_init))
                0x00000000                __non_init_size__ = SIZEOF (.non_init)
                0x2000232c                __non_init_load_end__ = __non_init_end__
                0x00000001                . = ASSERT (((__non_init_start__ == __non_init_end__) || ((__non_init_end__ >= __RAM_segment_start__) && (__non_init_end__ <= __RAM_segment_end__))), error: .non_init is too large to fit in RAM memory segment)
                0x2000232c                __heap_load_start__ = ALIGN (__non_init_end__, 0x4)

.heap           0x2000232c       0x80
                0x2000232c                __heap_start__ = .
 *(.heap .heap.*)
                0x200023ac                . = ALIGN (MAX ((__heap_start__ + __HEAPSIZE__), .), 0x4)
 *fill*         0x2000232c       0x80 
                0x200023ac                __heap_end__ = (__heap_start__ + SIZEOF (.heap))
                0x00000080                __heap_size__ = SIZEOF (.heap)
                0x200023ac                __heap_load_end__ = __heap_end__
                0x00000001                . = ASSERT (((__heap_start__ == __heap_end__) || ((__heap_end__ >= __RAM_segment_start__) && (__heap_end__ <= __RAM_segment_end__))), error: .heap is too large to fit in RAM memory segment)
                0x200023b0                __stack_load_start__ = ALIGN (__heap_end__, 0x8)

.stack          0x200023b0      0x800
                0x200023b0                __stack_start__ = .
 *(.stack .stack.*)
                0x20002bb0                . = ALIGN (MAX ((__stack_start__ + __STACKSIZE__), .), 0x8)
 *fill*         0x200023b0      0x800 
                0x20002bb0                __stack_end__ = (__stack_start__ + SIZEOF (.stack))
                0x00000800                __stack_size__ = SIZEOF (.stack)
                0x20002bb0                __stack_load_end__ = __stack_end__
                0x00000001                . = ASSERT (((__stack_start__ == __stack_end__) || ((__stack_end__ >= __RAM_segment_start__) && (__stack_end__ <= __RAM_segment_end__))), error: .stack is too large to fit in RAM memory segment)
                0x20002bb0                __stack_process_load_start__ = ALIGN (__stack_end__, 0x8)

.stack_process  0x20002bb0        0x0
                0x20002bb0                __stack_process_start__ = .
 *(.stack_process .stack_process.*)
                0x20002bb0                . = ALIGN (MAX ((__stack_process_start__ + __STACKSIZE_PROCESS__), .), 0x8)
                0x20002bb0                __stack_process_end__ = (__stack_process_start__ + SIZEOF (.stack_process))
                0x00000000                __stack_process_size__ = SIZEOF (.stack_process)
                0x20002bb0                __stack_process_load_end__ = __stack_process_end__
                0x20002bb0                __RAM_segment_used_end__ = (ALIGN (__stack_end__, 0x8) + SIZEOF (.stack_process))
                0x00002bb0                __RAM_segment_used_size__ = (__RAM_segment_used_end__ - __RAM_segment_start__)
                0x00000001                . = ASSERT (((__stack_process_start__ == __stack_process_end__) || ((__stack_process_end__ >= __RAM_segment_start__) && (__stack_process_end__ <= __RAM_segment_end__))), error: .stack_process is too large to fit in RAM memory segment)
START GROUP
LOAD ECGCapstone THUMB Debug/main.o
LOAD ECGCapstone THUMB Debug/our_service.o
LOAD ECGCapstone THUMB Debug/thumb_crt0.o
LOAD ECGCapstone THUMB Debug/nRF51_Startup.o
LOAD /Applications/CrossWorks for ARM 3.7/lib/libdebugio_mempoll_v6m_t_le_eabi.a
LOAD /Applications/CrossWorks for ARM 3.7/lib/libm_v6m_t_le_eabi.a
LOAD /Applications/CrossWorks for ARM 3.7/lib/libc_v6m_t_le_eabi.a
LOAD /Applications/CrossWorks for ARM 3.7/lib/libcpp_v6m_t_le_eabi.a
LOAD /Applications/CrossWorks for ARM 3.7/lib/libdebugio_v6m_t_le_eabi.a
LOAD /Applications/CrossWorks for ARM 3.7/lib/libvfprintf_v6m_t_le_eabi.o
LOAD /Applications/CrossWorks for ARM 3.7/lib/libvfscanf_v6m_t_le_eabi.o
END GROUP
OUTPUT(ECGCapstone THUMB Debug/ECGCapstone.elf elf32-littlearm)

.debug_frame    0x00000000     0x5b3c
 .debug_frame   0x00000000      0xbb4 ECGCapstone THUMB Debug/main.o
 .debug_frame   0x00000bb4      0x51c ECGCapstone THUMB Debug/our_service.o
 .debug_frame   0x000010d0     0x34a0 /Applications/CrossWorks for ARM 3.7/lib/libc_v6m_t_le_eabi.a(libc2.o)
 .debug_frame   0x00004570       0xa0 /Applications/CrossWorks for ARM 3.7/lib/libc_v6m_t_le_eabi.a(libc2_asm.o)
 .debug_frame   0x00004610      0x190 /Applications/CrossWorks for ARM 3.7/lib/libc_v6m_t_le_eabi.a(libc_asm.o)
 .debug_frame   0x000047a0      0x3ec /Applications/CrossWorks for ARM 3.7/lib/libvfprintf_v6m_t_le_eabi.o
 .debug_frame   0x00004b8c      0x478 /Applications/CrossWorks for ARM 3.7/lib/libm_v6m_t_le_eabi.a(libm_asm.o)
 .debug_frame   0x00005004      0xac8 /Applications/CrossWorks for ARM 3.7/lib/libm_v6m_t_le_eabi.a(libm2.o)
 .debug_frame   0x00005acc       0x70 /Applications/CrossWorks for ARM 3.7/lib/libm_v6m_t_le_eabi.a(libm2_asm.o)

.debug_info     0x00000000     0xb2ef
 .debug_info    0x00000000     0x5351 ECGCapstone THUMB Debug/main.o
 .debug_info    0x00005351     0x336e ECGCapstone THUMB Debug/our_service.o
 .debug_info    0x000086bf       0x95 ECGCapstone THUMB Debug/thumb_crt0.o
 .debug_info    0x00008754       0xcd ECGCapstone THUMB Debug/nRF51_Startup.o
 .debug_info    0x00008821     0x2127 /Applications/CrossWorks for ARM 3.7/lib/libc_v6m_t_le_eabi.a(libc2.o)
 .debug_info    0x0000a948      0x160 /Applications/CrossWorks for ARM 3.7/lib/libvfprintf_v6m_t_le_eabi.o
 .debug_info    0x0000aaa8      0x847 /Applications/CrossWorks for ARM 3.7/lib/libm_v6m_t_le_eabi.a(libm2.o)

.debug_abbrev   0x00000000      0x928
 .debug_abbrev  0x00000000      0x40a ECGCapstone THUMB Debug/main.o
 .debug_abbrev  0x0000040a      0x280 ECGCapstone THUMB Debug/our_service.o
 .debug_abbrev  0x0000068a       0x12 ECGCapstone THUMB Debug/thumb_crt0.o
 .debug_abbrev  0x0000069c       0x14 ECGCapstone THUMB Debug/nRF51_Startup.o
 .debug_abbrev  0x000006b0      0x161 /Applications/CrossWorks for ARM 3.7/lib/libc_v6m_t_le_eabi.a(libc2.o)
 .debug_abbrev  0x00000811       0x3c /Applications/CrossWorks for ARM 3.7/lib/libvfprintf_v6m_t_le_eabi.o
 .debug_abbrev  0x0000084d       0xdb /Applications/CrossWorks for ARM 3.7/lib/libm_v6m_t_le_eabi.a(libm2.o)

.debug_pubnames
                0x00000000     0x3985
 .debug_pubnames
                0x00000000     0x2747 ECGCapstone THUMB Debug/main.o
 .debug_pubnames
                0x00002747     0x123e ECGCapstone THUMB Debug/our_service.o

.debug_pubtypes
                0x00000000     0x1ffb
 .debug_pubtypes
                0x00000000     0x12bc ECGCapstone THUMB Debug/main.o
 .debug_pubtypes
                0x000012bc      0xd3f ECGCapstone THUMB Debug/our_service.o

.debug_aranges  0x00000000     0x1910
 .debug_aranges
                0x00000000      0x478 ECGCapstone THUMB Debug/main.o
 .debug_aranges
                0x00000478      0x258 ECGCapstone THUMB Debug/our_service.o
 .debug_aranges
                0x000006d0       0xb0 ECGCapstone THUMB Debug/thumb_crt0.o
 .debug_aranges
                0x00000780       0x20 ECGCapstone THUMB Debug/nRF51_Startup.o
 .debug_aranges
                0x000007a0      0xea0 /Applications/CrossWorks for ARM 3.7/lib/libc_v6m_t_le_eabi.a(libc2.o)
 .debug_aranges
                0x00001640       0xa8 /Applications/CrossWorks for ARM 3.7/lib/libvfprintf_v6m_t_le_eabi.o
 .debug_aranges
                0x000016e8      0x228 /Applications/CrossWorks for ARM 3.7/lib/libm_v6m_t_le_eabi.a(libm2.o)

.debug_ranges   0x00000000     0x1da0
 .debug_ranges  0x00000000      0x468 ECGCapstone THUMB Debug/main.o
 .debug_ranges  0x00000468      0x248 ECGCapstone THUMB Debug/our_service.o
 .debug_ranges  0x000006b0       0xa8 ECGCapstone THUMB Debug/thumb_crt0.o
 .debug_ranges  0x00000758      0xe90 /Applications/CrossWorks for ARM 3.7/lib/libc_v6m_t_le_eabi.a(libc2.o)
 .debug_ranges  0x000015e8       0x98 /Applications/CrossWorks for ARM 3.7/lib/libvfprintf_v6m_t_le_eabi.o
 .debug_ranges  0x00001680      0x720 /Applications/CrossWorks for ARM 3.7/lib/libm_v6m_t_le_eabi.a(libm2.o)

.debug_macro    0x00000000     0xa312
 .debug_macro   0x00000000      0x3ff ECGCapstone THUMB Debug/main.o
 .debug_macro   0x000003ff      0x844 ECGCapstone THUMB Debug/main.o
 .debug_macro   0x00000c43      0x188 ECGCapstone THUMB Debug/main.o
 .debug_macro   0x00000dcb       0x89 ECGCapstone THUMB Debug/main.o
 .debug_macro   0x00000e54       0x10 ECGCapstone THUMB Debug/main.o
 .debug_macro   0x00000e64      0x11e ECGCapstone THUMB Debug/main.o
 .debug_macro   0x00000f82       0x1c ECGCapstone THUMB Debug/main.o
 .debug_macro   0x00000f9e       0x22 ECGCapstone THUMB Debug/main.o
 .debug_macro   0x00000fc0       0x3a ECGCapstone THUMB Debug/main.o
 .debug_macro   0x00000ffa       0x1f ECGCapstone THUMB Debug/main.o
 .debug_macro   0x00001019      0x242 ECGCapstone THUMB Debug/main.o
 .debug_macro   0x0000125b      0x1b6 ECGCapstone THUMB Debug/main.o
 .debug_macro   0x00001411     0x64fd ECGCapstone THUMB Debug/main.o
 .debug_macro   0x0000790e      0x97c ECGCapstone THUMB Debug/main.o
 .debug_macro   0x0000828a       0x22 ECGCapstone THUMB Debug/main.o
 .debug_macro   0x000082ac       0x4f ECGCapstone THUMB Debug/main.o
 .debug_macro   0x000082fb       0x22 ECGCapstone THUMB Debug/main.o
 .debug_macro   0x0000831d       0x9a ECGCapstone THUMB Debug/main.o
 .debug_macro   0x000083b7       0x70 ECGCapstone THUMB Debug/main.o
 .debug_macro   0x00008427       0x22 ECGCapstone THUMB Debug/main.o
 .debug_macro   0x00008449       0x67 ECGCapstone THUMB Debug/main.o
 .debug_macro   0x000084b0       0xbb ECGCapstone THUMB Debug/main.o
 .debug_macro   0x0000856b       0x2b ECGCapstone THUMB Debug/main.o
 .debug_macro   0x00008596       0xd6 ECGCapstone THUMB Debug/main.o
 .debug_macro   0x0000866c      0x1fb ECGCapstone THUMB Debug/main.o
 .debug_macro   0x00008867       0x16 ECGCapstone THUMB Debug/main.o
 .debug_macro   0x0000887d      0x3f4 ECGCapstone THUMB Debug/main.o
 .debug_macro   0x00008c71       0x3a ECGCapstone THUMB Debug/main.o
 .debug_macro   0x00008cab       0x22 ECGCapstone THUMB Debug/main.o
 .debug_macro   0x00008ccd      0x201 ECGCapstone THUMB Debug/main.o
 .debug_macro   0x00008ece       0x1c ECGCapstone THUMB Debug/main.o
 .debug_macro   0x00008eea       0xdb ECGCapstone THUMB Debug/main.o
 .debug_macro   0x00008fc5       0x24 ECGCapstone THUMB Debug/main.o
 .debug_macro   0x00008fe9       0xa6 ECGCapstone THUMB Debug/main.o
 .debug_macro   0x0000908f      0x2ca ECGCapstone THUMB Debug/main.o
 .debug_macro   0x00009359       0xbe ECGCapstone THUMB Debug/main.o
 .debug_macro   0x00009417       0x40 ECGCapstone THUMB Debug/main.o
 .debug_macro   0x00009457       0x10 ECGCapstone THUMB Debug/main.o
 .debug_macro   0x00009467      0x263 ECGCapstone THUMB Debug/main.o
 .debug_macro   0x000096ca       0x22 ECGCapstone THUMB Debug/main.o
 .debug_macro   0x000096ec       0x28 ECGCapstone THUMB Debug/main.o
 .debug_macro   0x00009714       0x46 ECGCapstone THUMB Debug/main.o
 .debug_macro   0x0000975a       0x64 ECGCapstone THUMB Debug/main.o
 .debug_macro   0x000097be       0x1c ECGCapstone THUMB Debug/main.o
 .debug_macro   0x000097da       0x8e ECGCapstone THUMB Debug/main.o
 .debug_macro   0x00009868       0x16 ECGCapstone THUMB Debug/main.o
 .debug_macro   0x0000987e       0x10 ECGCapstone THUMB Debug/main.o
 .debug_macro   0x0000988e      0x401 ECGCapstone THUMB Debug/main.o
 .debug_macro   0x00009c8f       0x22 ECGCapstone THUMB Debug/main.o
 .debug_macro   0x00009cb1       0x47 ECGCapstone THUMB Debug/main.o
 .debug_macro   0x00009cf8       0x22 ECGCapstone THUMB Debug/main.o
 .debug_macro   0x00009d1a       0x37 ECGCapstone THUMB Debug/main.o
 .debug_macro   0x00009d51       0x28 ECGCapstone THUMB Debug/main.o
 .debug_macro   0x00009d79       0x98 ECGCapstone THUMB Debug/main.o
 .debug_macro   0x00009e11       0x4c ECGCapstone THUMB Debug/main.o
 .debug_macro   0x00009e5d       0x1c ECGCapstone THUMB Debug/main.o
 .debug_macro   0x00009e79       0x1c ECGCapstone THUMB Debug/main.o
 .debug_macro   0x00009e95       0x22 ECGCapstone THUMB Debug/main.o
 .debug_macro   0x00009eb7       0x5e ECGCapstone THUMB Debug/main.o
 .debug_macro   0x00009f15       0x1c ECGCapstone THUMB Debug/main.o
 .debug_macro   0x00009f31       0x61 ECGCapstone THUMB Debug/main.o
 .debug_macro   0x00009f92       0x17 ECGCapstone THUMB Debug/main.o
 .debug_macro   0x00009fa9      0x17c ECGCapstone THUMB Debug/main.o
 .debug_macro   0x0000a125       0x10 ECGCapstone THUMB Debug/main.o
 .debug_macro   0x0000a135       0x10 ECGCapstone THUMB Debug/main.o
 .debug_macro   0x0000a145      0x1b7 ECGCapstone THUMB Debug/our_service.o
 .debug_macro   0x0000a2fc       0x16 ECGCapstone THUMB Debug/our_service.o

.debug_line     0x00000000     0x3385
 .debug_line    0x00000000     0x172e ECGCapstone THUMB Debug/main.o
 .debug_line    0x0000172e      0xa7a ECGCapstone THUMB Debug/our_service.o
 .debug_line    0x000021a8      0x22e ECGCapstone THUMB Debug/thumb_crt0.o
 .debug_line    0x000023d6       0xd3 ECGCapstone THUMB Debug/nRF51_Startup.o
 .debug_line    0x000024a9      0xb1c /Applications/CrossWorks for ARM 3.7/lib/libc_v6m_t_le_eabi.a(libc2.o)
 .debug_line    0x00002fc5       0x7b /Applications/CrossWorks for ARM 3.7/lib/libvfprintf_v6m_t_le_eabi.o
 .debug_line    0x00003040      0x345 /Applications/CrossWorks for ARM 3.7/lib/libm_v6m_t_le_eabi.a(libm2.o)

.debug_str      0x00000000    0x3d712
 .debug_str     0x00000000    0x3b25a ECGCapstone THUMB Debug/main.o
                              0x3b5c1 (size before relaxing)
 .debug_str     0x0003b25a      0x191 ECGCapstone THUMB Debug/our_service.o
                              0x32176 (size before relaxing)
 .debug_str     0x0003b3eb     0x1dfa /Applications/CrossWorks for ARM 3.7/lib/libc_v6m_t_le_eabi.a(libc2.o)
                               0x1f5d (size before relaxing)
 .debug_str     0x0003d1e5      0x209 /Applications/CrossWorks for ARM 3.7/lib/libvfprintf_v6m_t_le_eabi.o
                                0x36e (size before relaxing)
 .debug_str     0x0003d3ee      0x324 /Applications/CrossWorks for ARM 3.7/lib/libm_v6m_t_le_eabi.a(libm2.o)
                                0x364 (size before relaxing)

.comment        0x00000000       0x4c
 .comment       0x00000000       0x4c ECGCapstone THUMB Debug/main.o
                                 0x4d (size before relaxing)
 .comment       0x0000004c       0x4d ECGCapstone THUMB Debug/our_service.o
 .comment       0x0000004c       0x4d /Applications/CrossWorks for ARM 3.7/lib/libc_v6m_t_le_eabi.a(libc2.o)
 .comment       0x0000004c       0x4d /Applications/CrossWorks for ARM 3.7/lib/libvfprintf_v6m_t_le_eabi.o
 .comment       0x0000004c       0x4d /Applications/CrossWorks for ARM 3.7/lib/libm_v6m_t_le_eabi.a(libm2.o)

.ARM.attributes
                0x00000000       0x2f
 .ARM.attributes
                0x00000000       0x31 ECGCapstone THUMB Debug/main.o
 .ARM.attributes
                0x00000031       0x31 ECGCapstone THUMB Debug/our_service.o
 .ARM.attributes
                0x00000062       0x21 ECGCapstone THUMB Debug/thumb_crt0.o
 .ARM.attributes
                0x00000083       0x21 ECGCapstone THUMB Debug/nRF51_Startup.o
 .ARM.attributes
                0x000000a4       0x2b /Applications/CrossWorks for ARM 3.7/lib/libc_v6m_t_le_eabi.a(libc2.o)
 .ARM.attributes
                0x000000cf       0x1b /Applications/CrossWorks for ARM 3.7/lib/libc_v6m_t_le_eabi.a(libc2_asm.o)
 .ARM.attributes
                0x000000ea       0x1b /Applications/CrossWorks for ARM 3.7/lib/libc_v6m_t_le_eabi.a(libc_asm.o)
 .ARM.attributes
                0x00000105       0x2b /Applications/CrossWorks for ARM 3.7/lib/libvfprintf_v6m_t_le_eabi.o
 .ARM.attributes
                0x00000130       0x1b /Applications/CrossWorks for ARM 3.7/lib/libm_v6m_t_le_eabi.a(libm_asm.o)
 .ARM.attributes
                0x0000014b       0x2b /Applications/CrossWorks for ARM 3.7/lib/libm_v6m_t_le_eabi.a(libm2.o)
 .ARM.attributes
                0x00000176       0x1b /Applications/CrossWorks for ARM 3.7/lib/libm_v6m_t_le_eabi.a(libm2_asm.o)
